========================================
   lazyscript 0.0.1: ./test-suite.log
========================================

# TOTAL: 1
# PASS:  0
# SKIP:  0
# XFAIL: 0
# FAIL:  1
# XPASS: 0
# ERROR: 0

.. contents:: :depth: 2

FAIL: test/run-tests.sh
=======================

ok - t01_add
FAIL test/run-tests.sh (exit status: 1)

